
Andrey@OBADIN MINGW64 ~ (master)
$ git init
Reinitialized existing Git repository in C:/Users/Andrey/.git/

Andrey@OBADIN MINGW64 ~ (master)
$ git clone https://github.com/andriiobadin/repo3.git
Cloning into 'repo3'...
remote: Enumerating objects: 3, done.
remote: Counting objects: 100% (3/3), done.
remote: Total 3 (delta 0), reused 0 (delta 0), pack-reused 0
Receiving objects: 100% (3/3), done.

Andrey@OBADIN MINGW64 ~ (master)
$ cd C:/Users/Andrey/repo3

Andrey@OBADIN MINGW64 ~/repo3 (main)
$ git status
On branch main
Your branch is up to date with 'origin/main'.
nothing to commit, working tree clean

Andrey@OBADIN MINGW64 ~/repo3 (main)
$ git status
On branch main
Your branch is up to date with 'origin/main'.
Untracked files:
  (use "git add <file>..." to include in what will be committed)
        test.txt
nothing added to commit but untracked files present (use "git add" to track)

Andrey@OBADIN MINGW64 ~/repo3 (main)
$ git add .

Andrey@OBADIN MINGW64 ~/repo3 (main)
$ git status
On branch main
Your branch is up to date with 'origin/main'.
Changes to be committed:
  (use "git restore --staged <file>..." to unstage)
        new file:   test.txt

Andrey@OBADIN MINGW64 ~/repo3 (main)
$ git commit -m "test"
[main 38c8962] test
 1 file changed, 0 insertions(+), 0 deletions(-)
 create mode 100644 test.txt

Andrey@OBADIN MINGW64 ~/repo3 (main)
$ git status
On branch main
Your branch is ahead of 'origin/main' by 1 commit.
  (use "git push" to publish your local commits)
nothing to commit, working tree clean

Andrey@OBADIN MINGW64 ~/repo3 (main)
$ git push -u origin main
Enumerating objects: 4, done.
Counting objects: 100% (4/4), done.
Delta compression using up to 4 threads
Compressing objects: 100% (2/2), done.
Writing objects: 100% (3/3), 269 bytes | 269.00 KiB/s, done.
Total 3 (delta 0), reused 0 (delta 0), pack-reused 0
To https://github.com/andriiobadin/repo3.git
   d0d3cca..38c8962  main -> main
Branch 'main' set up to track remote branch 'main' from 'origin'.

Andrey@OBADIN MINGW64 ~/repo3 (main)
$
